[lalaynbaluch.co.uk/index.html]
[backblue.gif]
[fade.gif]
[index.html]
[lalaynbaluch.co.uk/feed/rss/index.html]
[lalaynbaluch.co.uk/feed/index.html]
[lalaynbaluch.co.uk/wp-content/themes/foliogrid/js/jquery.js]
[lalaynbaluch.co.uk/feed/atom/index.html]
[lalaynbaluch.co.uk/wp-content/themes/foliogrid/js/jquery.jfade.1.0.min.js]
[lalaynbaluch.co.uk/wp-content/themes/foliogrid/js/jquery.masonry.min.js]
[lalaynbaluch.co.uk/wp-content/themes/foliogrid/style.css]
[lalaynbaluch.co.uk/wp-includes/css/dist/block-library/style.min9738.css]
[lalaynbaluch.co.uk/xmlrpc0db0.php]
[lalaynbaluch.co.uk/wp-json/index.html]
[lalaynbaluch.co.uk/about/index.html]
[lalaynbaluch.co.uk/contact/index.html]
[lalaynbaluch.co.uk/digital/index.html]
[lalaynbaluch.co.uk/wp-content/plugins/simple-post-thumbnails/timthumbb254.png]
[lalaynbaluch.co.uk/2012/daniel-boyd-romeo-headlong/index.html]
[lalaynbaluch.co.uk/2011/lucinda-coxon-herding-cats/index.html]
[lalaynbaluch.co.uk/wp-content/plugins/simple-post-thumbnails/timthumbadda.png]
[lalaynbaluch.co.uk/wp-content/plugins/simple-post-thumbnails/timthumb250f.png]
[lalaynbaluch.co.uk/2011/michael-beckley-buried-child/index.html]
[lalaynbaluch.co.uk/2011/janie-dee-rupert-wickham/index.html]
[lalaynbaluch.co.uk/wp-content/plugins/simple-post-thumbnails/timthumb511f.png]
[lalaynbaluch.co.uk/2011/heaver-magazine-autumn/index.html]
[lalaynbaluch.co.uk/wp-content/plugins/simple-post-thumbnails/timthumb543d.png]
[lalaynbaluch.co.uk/2011/gender-equality-theatre-mandatory/index.html]
[lalaynbaluch.co.uk/wp-content/plugins/simple-post-thumbnails/timthumb2c4a.png]
[lalaynbaluch.co.uk/2011/save-national-association-youth-theatres/index.html]
[lalaynbaluch.co.uk/wp-content/plugins/simple-post-thumbnails/timthumb3c0d.png]
[lalaynbaluch.co.uk/2011/hartshorn-hook-theatre-producers/index.html]
[lalaynbaluch.co.uk/2011/lion-king-sebastien-torkia/index.html]
[lalaynbaluch.co.uk/wp-content/plugins/simple-post-thumbnails/timthumbf52b.png]
[lalaynbaluch.co.uk/2011/shlomo-beat-boxer/index.html]
[lalaynbaluch.co.uk/wp-content/plugins/simple-post-thumbnails/timthumb8d97.png]
[lalaynbaluch.co.uk/2011/marlowe-theatre-redevelopment-mark-everett/index.html]
[lalaynbaluch.co.uk/wp-content/plugins/simple-post-thumbnails/timthumba674.png]
[lalaynbaluch.co.uk/2011/max-reinhardt-oily-cart-bb/index.html]
[lalaynbaluch.co.uk/wp-content/plugins/simple-post-thumbnails/timthumb77d2.png]
[lalaynbaluch.co.uk/wp-content/plugins/simple-post-thumbnails/timthumbfdbe.png]
[lalaynbaluch.co.uk/2011/heaver-magazine-summer/index.html]
[lalaynbaluch.co.uk/2010/rufus-wainwright-prima-donna/index.html]
[lalaynbaluch.co.uk/2010/dominic-rowan-globe-theatre-henry-eighth/index.html]
[lalaynbaluch.co.uk/wp-content/plugins/simple-post-thumbnails/timthumbff16.png]
[lalaynbaluch.co.uk/wp-content/plugins/simple-post-thumbnails/timthumbe2b6.png]
[lalaynbaluch.co.uk/2010/cultural-olympiad-launch/index.html]
[lalaynbaluch.co.uk/2010/footsbarn-theatre-globe-christmas-cracker/index.html]
[lalaynbaluch.co.uk/2010/samantha-barks-cabaret/index.html]
[lalaynbaluch.co.uk/wp-content/plugins/simple-post-thumbnails/timthumbc37d.png]
[lalaynbaluch.co.uk/2010/steve-guttenberg-pantomime-bromley/index.html]
[lalaynbaluch.co.uk/wp-content/plugins/simple-post-thumbnails/timthumbf478.png]
[lalaynbaluch.co.uk/wp-content/plugins/simple-post-thumbnails/timthumb606f.png]
[lalaynbaluch.co.uk/wp-content/plugins/simple-post-thumbnails/timthumb593b.png]
[lalaynbaluch.co.uk/2010/yasmine-smart-circus-artist/index.html]
[lalaynbaluch.co.uk/2010/hofesh-schecter-choreographer-sadlers-wells/index.html]
[lalaynbaluch.co.uk/2010/graham-norton-la-cage-aux-folles/index.html]
[lalaynbaluch.co.uk/wp-content/plugins/simple-post-thumbnails/timthumb3591.png]
[lalaynbaluch.co.uk/wp-content/plugins/simple-post-thumbnails/timthumb8066.png]
[lalaynbaluch.co.uk/wp-content/plugins/simple-post-thumbnails/timthumb58ae.png]
[lalaynbaluch.co.uk/2010/alun-ffred-jones-welsh-culture-minister/index.html]
[lalaynbaluch.co.uk/2010/dance-the-weight-away/index.html]
[lalaynbaluch.co.uk/wp-content/plugins/simple-post-thumbnails/timthumb4bb7.png]
[lalaynbaluch.co.uk/wp-content/plugins/simple-post-thumbnails/timthumb2dc0.png]
[lalaynbaluch.co.uk/2010/david-thacker-directo/index.html]
[lalaynbaluch.co.uk/2010/theatres-trust-eco-conference/index.html]
[lalaynbaluch.co.uk/wp-content/plugins/simple-post-thumbnails/timthumb455f.png]
[lalaynbaluch.co.uk/wp-content/plugins/simple-post-thumbnails/timthumb92d7.png]
[lalaynbaluch.co.uk/2010/czech-republic-travel/index.html]
[lalaynbaluch.co.uk/wp-content/plugins/simple-post-thumbnails/timthumbf795.png]
[lalaynbaluch.co.uk/wp-content/plugins/simple-post-thumbnails/timthumbe63a.png]
[lalaynbaluch.co.uk/wp-content/plugins/simple-post-thumbnails/timthumbfd0b.png]
[lalaynbaluch.co.uk/2010/arcola-uk-green-theatre/index.html]
[lalaynbaluch.co.uk/2010/rats-sewage-theatres-west-end/index.html]
[lalaynbaluch.co.uk/2010/lenny-henry-othello/index.html]
[lalaynbaluch.co.uk/wp-content/plugins/simple-post-thumbnails/timthumb4411.png]
[lalaynbaluch.co.uk/wp-includes/js/wp-embed.min9738.js]
[lalaynbaluch.co.uk/index.html]
[lalaynbaluch.co.uk/wp-content/plugins/simple-post-thumbnails/timthumb1840.png]
[lalaynbaluch.co.uk/wp-content/uploads/2012/02/daniel-boyd.jpg]
[lalaynbaluch.co.uk/wp-content/plugins/simple-post-thumbnails/timthumb6f14.png]
[lalaynbaluch.co.uk/wp-content/uploads/2012/02/Lucinda-Coxon-copy.jpg]
[lalaynbaluch.co.uk/outgoing/www.rsc.org.uk/index4fe7.html]
[lalaynbaluch.co.uk/outgoing/www.headlongtheatre.co.uk/index4fe7.html]
[lalaynbaluch.co.uk/wp-content/uploads/2012/02/Lucinda-Coxon-copy-231x300.jpg]
[lalaynbaluch.co.uk/wp-content/plugins/simple-post-thumbnails/timthumba002.png]
[lalaynbaluch.co.uk/outgoing/www.nationaltheatre.org.uk/index4fe7.html]
[lalaynbaluch.co.uk/outgoing/www.hampsteadtheatre.com/index4fe7.html]
[lalaynbaluch.co.uk/outgoing/anthony-banks.co.uk/index4fe7.html]
[lalaynbaluch.co.uk/wp-content/uploads/2012/02/Michael-Beckley-sized.jpg]
[lalaynbaluch.co.uk/outgoing/www.imdb.com/title/tt0810819/index4fe7.html]
[lalaynbaluch.co.uk/outgoing/www.scr.org/index4fe7.html]
[lalaynbaluch.co.uk/outgoing/www.imdb.com/title/tt0301390/index4fe7.html]
[lalaynbaluch.co.uk/wp-content/uploads/2012/02/Michael-Beckley-sized-300x300.jpg]
[lalaynbaluch.co.uk/wp-content/uploads/2012/02/privates-300x300.jpg]
[lalaynbaluch.co.uk/outgoing/www.thestage.co.uk/index4fe7.html]
[lalaynbaluch.co.uk/outgoing/openairtheatre.org/index4fe7.html]
[lalaynbaluch.co.uk/outgoing/www.nottinghamplayhouse.co.uk/index4fe7.html]
[lalaynbaluch.co.uk/outgoing/www.heavermagazine.co.uk/index4fe7.html]
[lalaynbaluch.co.uk/wp-content/uploads/2012/02/DIARY_Autumn-2011_final-211x300.jpg]
[lalaynbaluch.co.uk/wp-content/plugins/simple-post-thumbnails/timthumb6889.png]
[lalaynbaluch.co.uk/wp-content/plugins/simple-post-thumbnails/timthumb27b4.png]
[lalaynbaluch.co.uk/outgoing/www.lalaynbaluch.co.uk/media/Hartshorn-Hook-14fe7.html]
[lalaynbaluch.co.uk/wp-content/uploads/2011/08/Hartshorn-Hook-2-235x300.jpg]
[lalaynbaluch.co.uk/wp-content/uploads/2011/08/Sebastien_Torkia1.jpg]
[lalaynbaluch.co.uk/outgoing/www.disney.co.uk/musicaltheatre/TheLionKing/home/index4fe7.html]
[lalaynbaluch.co.uk/outgoing/www.imdb.com/name/nm0868088/index4fe7.html]
[lalaynbaluch.co.uk/wp-content/uploads/2011/08/shlomo1-333x1024.jpg]
[lalaynbaluch.co.uk/feed/index.html]
[lalaynbaluch.co.uk/feed/rss/index.html]
[lalaynbaluch.co.uk/outgoing/www.lalaynbaluch.co.uk/media/shlomo4fe7.html]
[lalaynbaluch.co.uk/feed/atom/index.html]
[lalaynbaluch.co.uk/xmlrpc.php]
[lalaynbaluch.co.uk/wp-content/themes/foliogrid/style.css]
[lalaynbaluch.co.uk/wp-includes/css/dist/block-library/style.min9738.css]
[lalaynbaluch.co.uk/wp-json/index.html]
[lalaynbaluch.co.uk/wp-atom.html]
[lalaynbaluch.co.uk/wp-json/oembed/1.0/embedcf9f.html]
[lalaynbaluch.co.uk/index905b.html]
[lalaynbaluch.co.uk/about/index.html]
[lalaynbaluch.co.uk/wp-json/oembed/1.0/embed28b5.html]
[lalaynbaluch.co.uk/outgoing/www.thetimes.co.uk/tto/news/index4fe7.html]
[lalaynbaluch.co.uk/contact/index.html]
[lalaynbaluch.co.uk/outgoing/www.guardian.co.uk/index4fe7.html]
[lalaynbaluch.co.uk/wp-json/oembed/1.0/embed0374.html]
[lalaynbaluch.co.uk/outgoing/www.rlsb.org.uk/index4fe7.html]
[lalaynbaluch.co.uk/wp-json/oembed/1.0/embedf2e8.html]
[lalaynbaluch.co.uk/wp-json/oembed/1.0/embede93a.html]
[lalaynbaluch.co.uk/digital/index.html]
[lalaynbaluch.co.uk/outgoing/wordpress.org/extend/plugins/index4fe7.html]
[lalaynbaluch.co.uk/outgoing/wordpress.org/extend/ideas/index4fe7.html]
[lalaynbaluch.co.uk/outgoing/planet.wordpress.org/index4fe7.html]
[lalaynbaluch.co.uk/2012/daniel-boyd-romeo-headlong/index.html]
[lalaynbaluch.co.uk/outgoing/wordpress.org/news/index4fe7.html]
[lalaynbaluch.co.uk/wp-json/oembed/1.0/embed1333.html]
[lalaynbaluch.co.uk/indexcb30.html]
[lalaynbaluch.co.uk/index5657.html]
[lalaynbaluch.co.uk/wp-content/plugins/simple-post-thumbnails/timthumbff92.php]
[lalaynbaluch.co.uk/wp-json/oembed/1.0/embedaf28.html]
[lalaynbaluch.co.uk/index0261.html]
[lalaynbaluch.co.uk/2011/lucinda-coxon-herding-cats/index.html]
[lalaynbaluch.co.uk/wp-json/oembed/1.0/embedb6cb.html]
[lalaynbaluch.co.uk/indexec1b.html]
[lalaynbaluch.co.uk/wp-json/oembed/1.0/embed8f03.html]
[lalaynbaluch.co.uk/index17f1.html]
[lalaynbaluch.co.uk/2011/michael-beckley-buried-child/index.html]
[lalaynbaluch.co.uk/wp-content/plugins/simple-post-thumbnails/timthumbd791.php]
[lalaynbaluch.co.uk/wp-json/oembed/1.0/embede643.html]
[lalaynbaluch.co.uk/2011/janie-dee-rupert-wickham/index.html]
[lalaynbaluch.co.uk/wp-json/oembed/1.0/embed6b36.html]
[lalaynbaluch.co.uk/wp-json/oembed/1.0/embed8b11.html]
[lalaynbaluch.co.uk/wp-json/oembed/1.0/embed0a65.html]
[lalaynbaluch.co.uk/2011/heaver-magazine-autumn/index.html]
[lalaynbaluch.co.uk/wp-json/oembed/1.0/embed4997.html]
[lalaynbaluch.co.uk/wp-json/oembed/1.0/embedcd27.html]
[lalaynbaluch.co.uk/index221f.html]
[lalaynbaluch.co.uk/2011/gender-equality-theatre-mandatory/index.html]
[lalaynbaluch.co.uk/wp-json/oembed/1.0/embed3b88.html]
[lalaynbaluch.co.uk/wp-json/oembed/1.0/embed5ea1.html]
[lalaynbaluch.co.uk/index4bd3.html]
[lalaynbaluch.co.uk/2011/save-national-association-youth-theatres/index.html]
[lalaynbaluch.co.uk/wp-json/oembed/1.0/embed2aae.html]
[lalaynbaluch.co.uk/wp-json/oembed/1.0/embed65b2.html]
[lalaynbaluch.co.uk/2011/hartshorn-hook-theatre-producers/index.html]
[lalaynbaluch.co.uk/wp-json/oembed/1.0/embed2f69.html]
[lalaynbaluch.co.uk/wp-json/oembed/1.0/embedb8de.html]
[lalaynbaluch.co.uk/indexc524.html]
[lalaynbaluch.co.uk/2011/lion-king-sebastien-torkia/index.html]
[lalaynbaluch.co.uk/wp-json/oembed/1.0/embedbc42.html]
[lalaynbaluch.co.uk/wp-json/oembed/1.0/embeda18b.html]
[lalaynbaluch.co.uk/indexc61d.html]
[lalaynbaluch.co.uk/2011/shlomo-beat-boxer/index.html]
[lalaynbaluch.co.uk/wp-content/plugins/simple-post-thumbnails/timthumbfe58.php]
[lalaynbaluch.co.uk/wp-json/oembed/1.0/embed4b28.html]
[lalaynbaluch.co.uk/index5f0f.html]
[lalaynbaluch.co.uk/wp-json/oembed/1.0/embedf41e.html]
[lalaynbaluch.co.uk/2011/marlowe-theatre-redevelopment-mark-everett/index.html]
[lalaynbaluch.co.uk/wp-content/uploads/2011/08/Marlowe-theatre-redevelopment-235x300.jpg]
[lalaynbaluch.co.uk/outgoing/marlowetheatre.com/index4fe7.html]
[lalaynbaluch.co.uk/wp-json/oembed/1.0/embedec0e.html]
[lalaynbaluch.co.uk/wp-content/uploads/2011/08/Max-Reinhardt-Interview_Final_Heaver-Spring-20112-300x212.jpg]
[lalaynbaluch.co.uk/2011/max-reinhardt-oily-cart-bb/index.html]
[lalaynbaluch.co.uk/outgoing/www.bbc.co.uk/radio3/features/programmes/presenters/reinhardt-max4fe7.html]
[lalaynbaluch.co.uk/outgoing/www.bbc.co.uk/radio3/index4fe7.html]
[lalaynbaluch.co.uk/wp-json/oembed/1.0/embeddf57.html]
[lalaynbaluch.co.uk/media/COVER_Winter 2010.pdf]
[lalaynbaluch.co.uk/wp-content/uploads/2011/01/COVER_Winter-2010-216x300.jpg]
[lalaynbaluch.co.uk/media/Diary_Winter 2010.pdf]
[lalaynbaluch.co.uk/wp-content/uploads/2011/01/Diary_Winter-2010-211x300.jpg]
[lalaynbaluch.co.uk/wp-content/uploads/2011/01/HOT-LIST_Winter-2010-300x212.jpg]
[lalaynbaluch.co.uk/2011/heaver-magazine-summer/index.html]
[lalaynbaluch.co.uk/indexf4d1.html]
[lalaynbaluch.co.uk/outgoing/www.lalaynbaluch.co.uk/media/rufus24fe7.html]
[lalaynbaluch.co.uk/outgoing/www.lalaynbaluch.co.uk/media/rufus14fe7.html]
[lalaynbaluch.co.uk/2010/rufus-wainwright-prima-donna/index.html]
[lalaynbaluch.co.uk/wp-json/oembed/1.0/embeda695.html]
[lalaynbaluch.co.uk/indexada0.html]
[lalaynbaluch.co.uk/2010/dominic-rowan-globe-theatre-henry-eighth/index.html]
[lalaynbaluch.co.uk/wp-json/oembed/1.0/embed329a.html]
[lalaynbaluch.co.uk/outgoing/www.lalaynbaluch.co.uk/media/dominic_20rowan14fe7.html]
[lalaynbaluch.co.uk/outgoing/www.shakespearesglobe.com/index4fe7.html]
[lalaynbaluch.co.uk/wp-json/oembed/1.0/embed8940.html]
[lalaynbaluch.co.uk/index7760.html]
[lalaynbaluch.co.uk/outgoing/www.lalaynbaluch.co.uk/media/cult-olymp-launch-NF4fe7.html]
[lalaynbaluch.co.uk/wp-content/uploads/2010/10/cult-olymp-launch-NF-235x300.jpg]
[lalaynbaluch.co.uk/2010/cultural-olympiad-launch/index.html]
[lalaynbaluch.co.uk/wp-json/oembed/1.0/embed0a55.html]
[lalaynbaluch.co.uk/indexb950.html]
[lalaynbaluch.co.uk/outgoing/www.lalaynbaluch.co.uk/media/globe-footsbarn4fe7.html]
[lalaynbaluch.co.uk/outgoing/www.lalaynbaluch.co.uk/media/globe_20footsbarn24fe7.html]
[lalaynbaluch.co.uk/2010/footsbarn-theatre-globe-christmas-cracker/index.html]
[lalaynbaluch.co.uk/outgoing/footsbarn.com/index_en4fe7.html]
[lalaynbaluch.co.uk/wp-json/oembed/1.0/embed3a9e.html]
[lalaynbaluch.co.uk/indexd1a7.html]
[lalaynbaluch.co.uk/wp-json/oembed/1.0/embede734.html]
[lalaynbaluch.co.uk/outgoing/www.lalaynbaluch.co.uk/media/cabaret_20preview4fe7.html]
[lalaynbaluch.co.uk/wp-content/uploads/2010/10/cabaret-preview-235x300.jpg]
[lalaynbaluch.co.uk/2010/samantha-barks-cabaret/index.html]
[lalaynbaluch.co.uk/wp-content/plugins/simple-post-thumbnails/timthumbea8f.php]
[lalaynbaluch.co.uk/wp-json/oembed/1.0/embedda20.html]
[lalaynbaluch.co.uk/indexe539.html]
[lalaynbaluch.co.uk/outgoing/www.lalaynbaluch.co.uk/media/steve_20guttenberg4fe7.html]
[lalaynbaluch.co.uk/wp-content/uploads/2010/10/steve-guttenberg-235x300.jpg]
[lalaynbaluch.co.uk/wp-content/uploads/2010/10/steve-guttenberg2.jpg]
[lalaynbaluch.co.uk/2010/steve-guttenberg-pantomime-bromley/index.html]
[lalaynbaluch.co.uk/wp-content/uploads/2010/10/steve-guttenberg2-235x300.jpg]
[lalaynbaluch.co.uk/wp-json/oembed/1.0/embed2b8f.html]
[lalaynbaluch.co.uk/indexbe3b.html]
[lalaynbaluch.co.uk/outgoing/www.lalaynbaluch.co.uk/media/Hofesh_20Shechter_20feature4fe7.html]
[lalaynbaluch.co.uk/2010/hofesh-schecter-choreographer-sadlers-wells/index.html]
[lalaynbaluch.co.uk/wp-content/uploads/2010/10/Hofesh-Shechter-feature2-235x300.jpg]
[lalaynbaluch.co.uk/wp-json/oembed/1.0/embedea73.html]
[lalaynbaluch.co.uk/index9c49.html]
[lalaynbaluch.co.uk/2010/yasmine-smart-circus-artist/index.html]
[lalaynbaluch.co.uk/outgoing/www.lalaynbaluch.co.uk/media/yasmine_20smart_20feature4fe7.html]
[lalaynbaluch.co.uk/wp-json/oembed/1.0/embedbebb.html]
[lalaynbaluch.co.uk/index913e.html]
[lalaynbaluch.co.uk/wp-json/oembed/1.0/embede5cf.html]
[lalaynbaluch.co.uk/outgoing/www.lalaynbaluch.co.uk/media/la_20cage_20preview4fe7.html]
[lalaynbaluch.co.uk/wp-content/uploads/2010/10/la-cage-preview-221x300.jpg]
[lalaynbaluch.co.uk/2010/graham-norton-la-cage-aux-folles/index.html]
[lalaynbaluch.co.uk/wp-json/oembed/1.0/embedf7f9.html]
[lalaynbaluch.co.uk/wp-json/oembed/1.0/embed86ac.html]
[lalaynbaluch.co.uk/wp-content/uploads/2010/10/alun-ffred-jones-NF-09.08-235x300.jpg]
[lalaynbaluch.co.uk/2010/alun-ffred-jones-welsh-culture-minister/index.html]
[lalaynbaluch.co.uk/wp-json/oembed/1.0/embedf366.html]
[lalaynbaluch.co.uk/wp-json/oembed/1.0/embed9e76.html]
[lalaynbaluch.co.uk/indexe887.html]
[lalaynbaluch.co.uk/wp-content/uploads/2010/10/dancetheweight.jpg]
[lalaynbaluch.co.uk/wp-content/uploads/2010/10/dancetheweight-227x300.jpg]
[lalaynbaluch.co.uk/2010/dance-the-weight-away/index.html]
[lalaynbaluch.co.uk/wp-content/uploads/2010/10/dancetheweight2-227x300.jpg]
[lalaynbaluch.co.uk/wp-json/oembed/1.0/embed2e13.html]
[lalaynbaluch.co.uk/2010/david-thacker-directo/index.html]
[lalaynbaluch.co.uk/wp-content/uploads/2010/10/David-Thacker-feature-235x300.jpg]
[lalaynbaluch.co.uk/wp-json/oembed/1.0/embedcc50.html]
[lalaynbaluch.co.uk/outgoing/www.octagonbolton.co.uk/index4fe7.html]
[lalaynbaluch.co.uk/2010/theatres-trust-eco-conference/index.html]
[lalaynbaluch.co.uk/index3f5a.html]
[lalaynbaluch.co.uk/outgoing/www.theatrestrust.org.uk/index4fe7.html]
[lalaynbaluch.co.uk/2010/howard-goodall-rambert-eternal-light/index.html]
[lalaynbaluch.co.uk/wp-json/oembed/1.0/embedb84c.html]
[lalaynbaluch.co.uk/wp-content/uploads/2012/02/czech-travel-final-ttg-300x212.jpg]
[lalaynbaluch.co.uk/wp-content/uploads/2012/02/czech-travel-final-ttg2.jpg]
[lalaynbaluch.co.uk/2010/czech-republic-travel/index.html]
[lalaynbaluch.co.uk/wp-content/uploads/2012/02/czech-travel-final-ttg2-211x300.jpg]
[lalaynbaluch.co.uk/wp-json/oembed/1.0/embeda2b0.html]
[lalaynbaluch.co.uk/index5831.html]
[lalaynbaluch.co.uk/2010/rats-sewage-theatres-west-end/index.html]
[lalaynbaluch.co.uk/wp-json/oembed/1.0/embed878e.html]
[lalaynbaluch.co.uk/index0b69.html]
[lalaynbaluch.co.uk/outgoing/www.equity.org.uk/home/index4fe7.html]
[lalaynbaluch.co.uk/2010/arcola-uk-green-theatre/index.html]
[lalaynbaluch.co.uk/outgoing/www.arcolatheatre.com/index4fe7.html]
[lalaynbaluch.co.uk/wp-json/oembed/1.0/embeda9a3.html]
[lalaynbaluch.co.uk/indexb5fb.html]
[lalaynbaluch.co.uk/wp-json/oembed/1.0/embed3348.html]
[lalaynbaluch.co.uk/wp-content/uploads/2010/09/othello-preview-10.08-235x300.jpg]
[lalaynbaluch.co.uk/2010/lenny-henry-othello/index.html]
[lalaynbaluch.co.uk/outgoing/www.rsc.org.uk/index4fe7.html]
[lalaynbaluch.co.uk/outgoing/www.headlongtheatre.co.uk/index4fe7.html]
[lalaynbaluch.co.uk/outgoing/www.hampsteadtheatre.com/index4fe7.html]
[lalaynbaluch.co.uk/outgoing/www.nationaltheatre.org.uk/index4fe7.html]
[lalaynbaluch.co.uk/outgoing/anthony-banks.co.uk/index4fe7.html]
[lalaynbaluch.co.uk/outgoing/www.imdb.com/title/tt0301390/index4fe7.html]
[lalaynbaluch.co.uk/outgoing/www.imdb.com/title/tt0810819/index4fe7.html]
[lalaynbaluch.co.uk/outgoing/www.scr.org/index4fe7.html]
[lalaynbaluch.co.uk/outgoing/www.thestage.co.uk/index4fe7.html]
[lalaynbaluch.co.uk/outgoing/openairtheatre.org/index4fe7.html]
[lalaynbaluch.co.uk/outgoing/www.nottinghamplayhouse.co.uk/index4fe7.html]
[lalaynbaluch.co.uk/wp-content/plugins/simple-post-thumbnails/timthumbd0bf.php]
[lalaynbaluch.co.uk/outgoing/www.heavermagazine.co.uk/index4fe7.html]
[lalaynbaluch.co.uk/wp-content/uploads/2012/02/privates.jpeg]
[lalaynbaluch.co.uk/wp-content/plugins/simple-post-thumbnails/timthumb1a1d.php]
[lalaynbaluch.co.uk/outgoing/www.rcs.ac.uk/index4fe7.html]
[lalaynbaluch.co.uk/wp-content/uploads/2012/02/HOTLIST_Autumn-2011_final.jpg]
[lalaynbaluch.co.uk/wp-content/uploads/2012/02/HOTLIST_Autumn-2011_final-300x212.jpg]
[lalaynbaluch.co.uk/outgoing/www.pagepop.co.uk/index4fe7.html]
[lalaynbaluch.co.uk/outgoing/www.lalaynbaluch.co.uk/media/Hartshorn-Hook-14fe7.html]
[lalaynbaluch.co.uk/wp-content/uploads/2012/02/DIARY_Autumn-2011_final.jpg]
[lalaynbaluch.co.uk/wp-content/uploads/2011/08/Hartshorn-Hook-1-235x300.jpg]
[lalaynbaluch.co.uk/wp-content/plugins/simple-post-thumbnails/timthumbf2aa.php]
[lalaynbaluch.co.uk/outgoing/www.imdb.com/name/nm0868088/index4fe7.html]
[lalaynbaluch.co.uk/outgoing/www.disney.co.uk/musicaltheatre/TheLionKing/home/index4fe7.html]
[lalaynbaluch.co.uk/wp-content/plugins/simple-post-thumbnails/timthumb40c5.php]
[lalaynbaluch.co.uk/outgoing/www.lalaynbaluch.co.uk/media/shlomo4fe7.html]
[lalaynbaluch.co.uk/outgoing/www.lyceumtheatrelondon.com/index4fe7.html]
[lalaynbaluch.co.uk/wp-atom.html]
[lalaynbaluch.co.uk/index905b.html]
[lalaynbaluch.co.uk/outgoing/www.shlo.co.uk/index4fe7.html]
[lalaynbaluch.co.uk/wp-json/oembed/1.0/embedcf9f.html]
[lalaynbaluch.co.uk/wp-json/oembed/1.0/embed28b5.html]
[lalaynbaluch.co.uk/outgoing/www.thetimes.co.uk/tto/news/index4fe7.html]
[lalaynbaluch.co.uk/outgoing/www.guardian.co.uk/index4fe7.html]
[lalaynbaluch.co.uk/outgoing/www.rlsb.org.uk/index4fe7.html]
[lalaynbaluch.co.uk/_http_/lalaynbaluch.co.uk/about/_.html]
[lalaynbaluch.co.uk/outgoing/wordpress.org/extend/plugins/index4fe7.html]
[lalaynbaluch.co.uk/outgoing/wordpress.org/extend/ideas/index4fe7.html]
[lalaynbaluch.co.uk/outgoing/codex.wordpress.org/index4fe7.html]
[lalaynbaluch.co.uk/outgoing/wordpress.org/support/index4fe7.html]
[lalaynbaluch.co.uk/outgoing/wordpress.org/news/index4fe7.html]
[lalaynbaluch.co.uk/outgoing/planet.wordpress.org/index4fe7.html]
[lalaynbaluch.co.uk/indexcb30.html]
[lalaynbaluch.co.uk/wp-json/oembed/1.0/embed0374.html]
[lalaynbaluch.co.uk/index5657.html]
[lalaynbaluch.co.uk/wp-json/oembed/1.0/embedf2e8.html]
[lalaynbaluch.co.uk/wp-json/oembed/1.0/embede93a.html]
[lalaynbaluch.co.uk/index0261.html]
[lalaynbaluch.co.uk/_http_/lalaynbaluch.co.uk/digital/_.html]
[lalaynbaluch.co.uk/wp-json/oembed/1.0/embed1333.html]
[lalaynbaluch.co.uk/indexec1b.html]
[lalaynbaluch.co.uk/wp-json/oembed/1.0/embed321b]
[lalaynbaluch.co.uk/wp-json/oembed/1.0/embedaf28.html]
[lalaynbaluch.co.uk/wp-json/oembed/1.0/embedb6cb.html]
[lalaynbaluch.co.uk/index17f1.html]
[lalaynbaluch.co.uk/_http_/lalaynbaluch.co.uk/2011/lucinda-coxon-herding-cats/_.html]
[lalaynbaluch.co.uk/wp-json/oembed/1.0/embed8f03.html]
[lalaynbaluch.co.uk/wp-json/oembed/1.0/embede643.html]
[lalaynbaluch.co.uk/_http_/lalaynbaluch.co.uk/2011/michael-beckley-buried-child/_.html]
[lalaynbaluch.co.uk/wp-json/oembed/1.0/embed6b36.html]
[lalaynbaluch.co.uk/wp-json/oembed/1.0/embed8b11.html]
[lalaynbaluch.co.uk/wp-json/oembed/1.0/embed0a65.html]
[lalaynbaluch.co.uk/wp-json/oembed/1.0/embed4997.html]
[lalaynbaluch.co.uk/index221f.html]
[lalaynbaluch.co.uk/index5294.html]
[lalaynbaluch.co.uk/_http_/lalaynbaluch.co.uk/2011/heaver-magazine-autumn/_.html]
[lalaynbaluch.co.uk/wp-json/oembed/1.0/embedcd27.html]
[lalaynbaluch.co.uk/wp-json/oembed/1.0/embed3b88.html]
[lalaynbaluch.co.uk/index4bd3.html]
[lalaynbaluch.co.uk/_http_/lalaynbaluch.co.uk/2011/gender-equality-theatre-mandatory/_.html]
[lalaynbaluch.co.uk/wp-json/oembed/1.0/embed5ea1.html]
[lalaynbaluch.co.uk/wp-json/oembed/1.0/embed2aae.html]
[lalaynbaluch.co.uk/wp-json/oembed/1.0/embed65b2.html]
[lalaynbaluch.co.uk/wp-json/oembed/1.0/embed2f69.html]
[lalaynbaluch.co.uk/indexc524.html]
[lalaynbaluch.co.uk/index89a1.html]
[lalaynbaluch.co.uk/wp-json/oembed/1.0/embedb8de.html]
[lalaynbaluch.co.uk/wp-json/oembed/1.0/embedbc42.html]
[lalaynbaluch.co.uk/indexc61d.html]
[lalaynbaluch.co.uk/_http_/lalaynbaluch.co.uk/2011/lion-king-sebastien-torkia/_.html]
[lalaynbaluch.co.uk/wp-json/oembed/1.0/embeda18b.html]
[lalaynbaluch.co.uk/index5f0f.html]
[lalaynbaluch.co.uk/_http_/lalaynbaluch.co.uk/2011/shlomo-beat-boxer/_.html]
[lalaynbaluch.co.uk/wp-json/oembed/1.0/embed4b28.html]
[lalaynbaluch.co.uk/wp-json/oembed/1.0/embedf41e.html]
[lalaynbaluch.co.uk/outgoing/marlowetheatre.com/index4fe7.html]
[lalaynbaluch.co.uk/wp-json/oembed/1.0/embedec0e.html]
[lalaynbaluch.co.uk/_http_/lalaynbaluch.co.uk/2011/marlowe-theatre-redevelopment-mark-everett/_.html]
[lalaynbaluch.co.uk/index0eba.html]
[lalaynbaluch.co.uk/_http_/lalaynbaluch.co.uk/2011/max-reinhardt-oily-cart-bb/_.html]
[lalaynbaluch.co.uk/outgoing/www.bbc.co.uk/radio3/index4fe7.html]
[lalaynbaluch.co.uk/outgoing/www.bbc.co.uk/radio3/features/programmes/presenters/reinhardt-max4fe7.html]
[lalaynbaluch.co.uk/wp-json/oembed/1.0/embed5fbd]
[lalaynbaluch.co.uk/indexe8f5.html]
[lalaynbaluch.co.uk/outgoing/www.oilycart.org.uk/index4fe7.html]
[lalaynbaluch.co.uk/wp-json/oembed/1.0/embeddf57.html]
[lalaynbaluch.co.uk/indexf4d1.html]
[lalaynbaluch.co.uk/media/HOT LIST_Winter 2010.pdf]
[lalaynbaluch.co.uk/_http_/lalaynbaluch.co.uk/2011/heaver-magazine-summer/_.html]
[lalaynbaluch.co.uk/wp-json/oembed/1.0/embedf5c3]
[lalaynbaluch.co.uk/wp-json/oembed/1.0/embed9769]
[lalaynbaluch.co.uk/outgoing/www.lalaynbaluch.co.uk/media/rufus24fe7.html]
[lalaynbaluch.co.uk/outgoing/www.lalaynbaluch.co.uk/media/rufus14fe7.html]
[lalaynbaluch.co.uk/wp-content/uploads/2010/10/rufus_wainwright-235x300.jpg]
[lalaynbaluch.co.uk/wp-content/uploads/2010/10/rufus_wainwright2-235x300.jpg]
[lalaynbaluch.co.uk/wp-json/oembed/1.0/embed478c]
[lalaynbaluch.co.uk/indexada0.html]
[lalaynbaluch.co.uk/outgoing/www.rufuswainwright.com/index4fe7.html]
[lalaynbaluch.co.uk/wp-json/oembed/1.0/embeda695.html]
[lalaynbaluch.co.uk/wp-json/oembed/1.0/embed329a.html]
[lalaynbaluch.co.uk/outgoing/www.lalaynbaluch.co.uk/media/dominic_20rowan14fe7.html]
[lalaynbaluch.co.uk/outgoing/www.shakespearesglobe.com/index4fe7.html]
[lalaynbaluch.co.uk/index7760.html]
[lalaynbaluch.co.uk/wp-json/oembed/1.0/embed8940.html]
[lalaynbaluch.co.uk/outgoing/www.lalaynbaluch.co.uk/media/cult-olymp-launch-NF4fe7.html]
[lalaynbaluch.co.uk/indexb950.html]
[lalaynbaluch.co.uk/wp-json/oembed/1.0/embed0a55.html]
[lalaynbaluch.co.uk/wp-json/oembed/1.0/embed390b]
[lalaynbaluch.co.uk/_http_/lalaynbaluch.co.uk/2010/footsbarn-theatre-globe-christmas-cracker/_.html]
[lalaynbaluch.co.uk/outgoing/www.lalaynbaluch.co.uk/media/globe-footsbarn4fe7.html]
[lalaynbaluch.co.uk/outgoing/www.lalaynbaluch.co.uk/media/globe_20footsbarn24fe7.html]
[lalaynbaluch.co.uk/wp-content/uploads/2010/10/globe-footsbarn-235x300.jpg]
[lalaynbaluch.co.uk/wp-content/uploads/2010/10/globe-footsbarn2-235x300.jpg]
[lalaynbaluch.co.uk/wp-json/oembed/1.0/embed48c8]
[lalaynbaluch.co.uk/outgoing/footsbarn.com/index_en4fe7.html]
[lalaynbaluch.co.uk/indexd1a7.html]
[lalaynbaluch.co.uk/_http_/lalaynbaluch.co.uk/2010/samantha-barks-cabaret/_.html]
[lalaynbaluch.co.uk/wp-json/oembed/1.0/embed3a9e.html]
[lalaynbaluch.co.uk/wp-json/oembed/1.0/embede734.html]
[lalaynbaluch.co.uk/outgoing/www.lalaynbaluch.co.uk/media/cabaret_20preview4fe7.html]
[lalaynbaluch.co.uk/indexe539.html]
[lalaynbaluch.co.uk/wp-json/oembed/1.0/embedda20.html]
[lalaynbaluch.co.uk/outgoing/www.lalaynbaluch.co.uk/media/steve_20guttenberg4fe7.html]
[lalaynbaluch.co.uk/indexbe3b.html]
[lalaynbaluch.co.uk/wp-json/oembed/1.0/embed9481]
[lalaynbaluch.co.uk/wp-json/oembed/1.0/embed2b8f.html]
[lalaynbaluch.co.uk/outgoing/www.lalaynbaluch.co.uk/media/Hofesh_20Shechter_20feature4fe7.html]
[lalaynbaluch.co.uk/wp-content/uploads/2010/10/Hofesh-Shechter-feature-235x300.jpg]
[lalaynbaluch.co.uk/wp-content/uploads/2010/10/Hofesh-Shechter-feature2.jpg]
[lalaynbaluch.co.uk/wp-json/oembed/1.0/embed31e3]
[lalaynbaluch.co.uk/outgoing/www.hofesh.co.uk/index4fe7.html]
[lalaynbaluch.co.uk/index9c49.html]
[lalaynbaluch.co.uk/wp-json/oembed/1.0/embedea73.html]
[lalaynbaluch.co.uk/outgoing/www.lalaynbaluch.co.uk/media/yasmine_20smart_20feature4fe7.html]
[lalaynbaluch.co.uk/wp-content/uploads/2010/10/yasmine-smart-feature-235x300.jpg]
[lalaynbaluch.co.uk/outgoing/www.yasminesmart.com/index4fe7.html]
[lalaynbaluch.co.uk/index913e.html]
[lalaynbaluch.co.uk/wp-json/oembed/1.0/embedbebb.html]
[lalaynbaluch.co.uk/wp-json/oembed/1.0/embede5cf.html]
[lalaynbaluch.co.uk/outgoing/www.lalaynbaluch.co.uk/media/la_20cage_20preview4fe7.html]
[lalaynbaluch.co.uk/wp-json/oembed/1.0/embedf7f9.html]
[lalaynbaluch.co.uk/wp-json/oembed/1.0/embed86ac.html]
[lalaynbaluch.co.uk/index5070.html]
[lalaynbaluch.co.uk/indexe887.html]
[lalaynbaluch.co.uk/outgoing/www.lalaynbaluch.co.uk/media/alun_20ffred_20jones_20NF_2009.084fe7.PDF]
[lalaynbaluch.co.uk/2010/equity-minimum-wage-‘destroy’-fringe-theatre/index.html]
[lalaynbaluch.co.uk/wp-json/oembed/1.0/embedf366.html]
[lalaynbaluch.co.uk/wp-json/oembed/1.0/embed9e76.html]
[lalaynbaluch.co.uk/_http_/lalaynbaluch.co.uk/2010/dance-the-weight-away/_.html]
[lalaynbaluch.co.uk/wp-json/oembed/1.0/embed2e13.html]
[lalaynbaluch.co.uk/outgoing/www.octagonbolton.co.uk/index4fe7.html]
[lalaynbaluch.co.uk/index3f5a.html]
[lalaynbaluch.co.uk/_http_/lalaynbaluch.co.uk/2010/david-thacker-directo/_.html]
[lalaynbaluch.co.uk/wp-json/oembed/1.0/embedcc50.html]
[lalaynbaluch.co.uk/outgoing/www.lalaynbaluch.co.uk/media/David_20Thacker_20feature4fe7.pdf]
[lalaynbaluch.co.uk/_http_/lalaynbaluch.co.uk/2010/theatres-trust-eco-conference/_.html]
[lalaynbaluch.co.uk/wp-json/oembed/1.0/embeda92e]
[lalaynbaluch.co.uk/outgoing/www.theatrestrust.org.uk/index4fe7.html]
[lalaynbaluch.co.uk/outgoing/www.lalaynbaluch.co.uk/media/TT_20conference_20NF4fe7.PDF]
[lalaynbaluch.co.uk/wp-content/uploads/2010/10/TT-conference-NF1-235x300.jpg]
[lalaynbaluch.co.uk/wp-json/oembed/1.0/embed91cf.html]
[lalaynbaluch.co.uk/index5eda.html]
[lalaynbaluch.co.uk/wp-json/oembed/1.0/embed04f6.html]
[lalaynbaluch.co.uk/outgoing/www.lalaynbaluch.co.uk/media/eternal_20light_20preview_2009.084fe7.html]
[lalaynbaluch.co.uk/wp-content/uploads/2010/10/eternal-light-preview-09.08-203x300.jpg]
[lalaynbaluch.co.uk/2010/howard-goodall-rambert-eternal-light/index.html]
[lalaynbaluch.co.uk/outgoing/www.eternallightrequiem.com/index4fe7.html]
[lalaynbaluch.co.uk/wp-json/oembed/1.0/embedb84c.html]
[lalaynbaluch.co.uk/_http_/lalaynbaluch.co.uk/2010/czech-republic-travel/_.html]
[lalaynbaluch.co.uk/index5831.html]
[lalaynbaluch.co.uk/wp-json/oembed/1.0/embed3b7e]
[lalaynbaluch.co.uk/wp-content/uploads/2012/02/czech-travel-final-ttg.jpg]
[lalaynbaluch.co.uk/wp-json/oembed/1.0/embeda2b0.html]
[lalaynbaluch.co.uk/_http_/lalaynbaluch.co.uk/2010/rats-sewage-theatres-west-end/_.html]
[lalaynbaluch.co.uk/outgoing/www.ttgdigital.com/index4fe7.html]
[lalaynbaluch.co.uk/wp-json/oembed/1.0/embedfab1]
[lalaynbaluch.co.uk/wp-content/uploads/2010/09/rats-FP-235x300.jpg]
[lalaynbaluch.co.uk/outgoing/www.equity.org.uk/home/index4fe7.html]
[lalaynbaluch.co.uk/index0b69.html]
[lalaynbaluch.co.uk/outgoing/www.lalaynbaluch.co.uk/media/rats_20FP4fe7.pdf]
[lalaynbaluch.co.uk/wp-json/oembed/1.0/embed878e.html]
[lalaynbaluch.co.uk/_http_/lalaynbaluch.co.uk/2010/arcola-uk-green-theatre/_.html]
[lalaynbaluch.co.uk/wp-json/oembed/1.0/embed44c2]
[lalaynbaluch.co.uk/outgoing/www.arcolatheatre.com/index4fe7.html]
[lalaynbaluch.co.uk/indexb5fb.html]
[lalaynbaluch.co.uk/outgoing/www.lalaynbaluch.co.uk/media/Arcola-FP-07.094fe7.pdf]
[lalaynbaluch.co.uk/wp-json/oembed/1.0/embeda9a3.html]
[lalaynbaluch.co.uk/wp-json/oembed/1.0/embed3348.html]
[lalaynbaluch.co.uk/_http_/lalaynbaluch.co.uk/2010/lenny-henry-othello/_.html]
[lalaynbaluch.co.uk/outgoing/www.lalaynbaluch.co.uk/media/othello-preview-10.084fe7.PDF]
[lalaynbaluch.co.uk/outgoing/www.rcs.ac.uk/index4fe7.html]
[lalaynbaluch.co.uk/outgoing/www.pagepop.co.uk/index4fe7.html]
[lalaynbaluch.co.uk/2010/london-theatre-eco-challenge/index.html]
[lalaynbaluch.co.uk/2010/luxury-hotels-central-eastern-europe/index.html]
[lalaynbaluch.co.uk/outgoing/www.lyceumtheatrelondon.com/index4fe7.html]
[lalaynbaluch.co.uk/outgoing/www.shlo.co.uk/index4fe7.html]
[lalaynbaluch.co.uk/wp-includes/wlwmanifest.xml]
[lalaynbaluch.co.uk/_http_/lalaynbaluch.co.uk/about/_.html]
[lalaynbaluch.co.uk/outgoing/codex.wordpress.org/index4fe7.html]
[lalaynbaluch.co.uk/outgoing/wordpress.org/support/index4fe7.html]
[lalaynbaluch.co.uk/wp-content/uploads/2011/08/Sebastien_Torkia1-236x300.jpg]
[lalaynbaluch.co.uk/_http_/lalaynbaluch.co.uk/digital/_.html]
[lalaynbaluch.co.uk/wp-json/oembed/1.0/embed321b]
[lalaynbaluch.co.uk/_http_/lalaynbaluch.co.uk/2011/lucinda-coxon-herding-cats/_.html]
[lalaynbaluch.co.uk/_http_/lalaynbaluch.co.uk/2011/michael-beckley-buried-child/_.html]
[lalaynbaluch.co.uk/outgoing/wordpress.org/extend/themes/index4fe7.html]
[lalaynbaluch.co.uk/wp-json/oembed/1.0/embed7ad1]
[lalaynbaluch.co.uk/index5294.html]
[lalaynbaluch.co.uk/_http_/lalaynbaluch.co.uk/2011/heaver-magazine-autumn/_.html]
[lalaynbaluch.co.uk/_http_/lalaynbaluch.co.uk/2011/gender-equality-theatre-mandatory/_.html]
[lalaynbaluch.co.uk/index80a3.html]
[lalaynbaluch.co.uk/_http_/lalaynbaluch.co.uk/2011/janie-dee-rupert-wickham/_]
[lalaynbaluch.co.uk/index89a1.html]
[lalaynbaluch.co.uk/_http_/lalaynbaluch.co.uk/2011/lion-king-sebastien-torkia/_.html]
[lalaynbaluch.co.uk/_http_/lalaynbaluch.co.uk/2011/shlomo-beat-boxer/_.html]
[lalaynbaluch.co.uk/_http_/lalaynbaluch.co.uk/2011/save-national-association-youth-theatres/_]
[lalaynbaluch.co.uk/_http_/lalaynbaluch.co.uk/2011/marlowe-theatre-redevelopment-mark-everett/_.html]
[lalaynbaluch.co.uk/_http_/lalaynbaluch.co.uk/2011/hartshorn-hook-theatre-producers/_]
[lalaynbaluch.co.uk/wp-json/oembed/1.0/embed32ca]
[lalaynbaluch.co.uk/index0eba.html]
[lalaynbaluch.co.uk/_http_/lalaynbaluch.co.uk/2011/max-reinhardt-oily-cart-bb/_.html]
[lalaynbaluch.co.uk/wp-json/oembed/1.0/embed5fbd]
[lalaynbaluch.co.uk/outgoing/www.oilycart.org.uk/index4fe7.html]
[lalaynbaluch.co.uk/indexe8f5.html]
[lalaynbaluch.co.uk/_http_/lalaynbaluch.co.uk/2011/heaver-magazine-summer/_.html]
[lalaynbaluch.co.uk/wp-json/oembed/1.0/embedf5c3]
[lalaynbaluch.co.uk/outgoing/www.lalaynbaluch.co.uk/media/Marlowe-theatre-redevelopment4fe7.pdf]
[lalaynbaluch.co.uk/wp-json/oembed/1.0/embed9769]
[lalaynbaluch.co.uk/wp-json/oembed/1.0/embed478c]
[lalaynbaluch.co.uk/outgoing/www.rufuswainwright.com/index4fe7.html]
[lalaynbaluch.co.uk/_http_/lalaynbaluch.co.uk/2010/rufus-wainwright-prima-donna/_.html]
[lalaynbaluch.co.uk/outgoing/www.lalaynbaluch.co.uk/media/Max_Reinhardt_Interview_Final_Heaver_Spring_20114fe7.pdf]
[lalaynbaluch.co.uk/wp-content/uploads/2010/10/dominic-rowan1-235x300.jpg]
[lalaynbaluch.co.uk/_http_/lalaynbaluch.co.uk/2010/dominic-rowan-globe-theatre-henry-eighth/_]
[lalaynbaluch.co.uk/wp-json/oembed/1.0/embed390b]
[lalaynbaluch.co.uk/_http_/lalaynbaluch.co.uk/2010/footsbarn-theatre-globe-christmas-cracker/_.html]
[lalaynbaluch.co.uk/wp-json/oembed/1.0/embed48c8]
[lalaynbaluch.co.uk/_http_/lalaynbaluch.co.uk/2010/samantha-barks-cabaret/_.html]
[lalaynbaluch.co.uk/wp-json/oembed/1.0/embed9481]
[lalaynbaluch.co.uk/wp-content/plugins/simple-post-thumbnails/timthumbc709.php]
[lalaynbaluch.co.uk/wp-json/oembed/1.0/embed31e3]
[lalaynbaluch.co.uk/outgoing/www.hofesh.co.uk/index4fe7.html]
[lalaynbaluch.co.uk/_http_/lalaynbaluch.co.uk/2010/cultural-olympiad-launch/_]
[lalaynbaluch.co.uk/outgoing/www.yasminesmart.com/index4fe7.html]
[lalaynbaluch.co.uk/_http_/lalaynbaluch.co.uk/2010/hofesh-schecter-choreographer-sadlers-wells/_]
[lalaynbaluch.co.uk/index5070.html]
[lalaynbaluch.co.uk/outgoing/www.lalaynbaluch.co.uk/media/alun_20ffred_20jones_20NF_2009.084fe7.PDF]
[lalaynbaluch.co.uk/_http_/lalaynbaluch.co.uk/2010/graham-norton-la-cage-aux-folles/_]
[lalaynbaluch.co.uk/wp-json/oembed/1.0/embed290a.html]
[lalaynbaluch.co.uk/indexdb4e.html]
[lalaynbaluch.co.uk/wp-json/oembed/1.0/embed68e1.html]
[lalaynbaluch.co.uk/2010/equity-minimum-wage-‘destroy’-fringe-theatre/index.html]
[lalaynbaluch.co.uk/_http_/lalaynbaluch.co.uk/2010/dance-the-weight-away/_.html]
[lalaynbaluch.co.uk/wp-content/uploads/2010/10/Equity-min-wage-FP-235x300.jpg]
[lalaynbaluch.co.uk/wp-content/uploads/2010/10/dancetheweight2.jpg]
[lalaynbaluch.co.uk/outgoing/www.lalaynbaluch.co.uk/media/Equity_20min_20wage_20FP4fe7.html]
[lalaynbaluch.co.uk/_http_/lalaynbaluch.co.uk/2010/david-thacker-directo/_.html]
[lalaynbaluch.co.uk/outgoing/www.lalaynbaluch.co.uk/media/David_20Thacker_20feature4fe7.pdf]
[lalaynbaluch.co.uk/_http_/lalaynbaluch.co.uk/2010/theatres-trust-eco-conference/_.html]
[lalaynbaluch.co.uk/wp-json/oembed/1.0/embeda92e]
[lalaynbaluch.co.uk/outgoing/www.lalaynbaluch.co.uk/media/TT_20conference_20NF4fe7.PDF]
[lalaynbaluch.co.uk/index5eda.html]
[lalaynbaluch.co.uk/wp-json/oembed/1.0/embed91cf.html]
[lalaynbaluch.co.uk/wp-json/oembed/1.0/embed04f6.html]
[lalaynbaluch.co.uk/outgoing/www.lalaynbaluch.co.uk/media/eternal_20light_20preview_2009.084fe7.html]
[lalaynbaluch.co.uk/outgoing/www.eternallightrequiem.com/index4fe7.html]
[lalaynbaluch.co.uk/wp-json/oembed/1.0/embed507b]
[lalaynbaluch.co.uk/outgoing/www.howardgoodall.co.uk/index4fe7.html]
[lalaynbaluch.co.uk/_http_/lalaynbaluch.co.uk/2010/czech-republic-travel/_.html]
[lalaynbaluch.co.uk/wp-json/oembed/1.0/embed3b7e]
[lalaynbaluch.co.uk/index76f0.html]
[lalaynbaluch.co.uk/outgoing/www.ttgdigital.com/index4fe7.html]
[lalaynbaluch.co.uk/_http_/lalaynbaluch.co.uk/2010/rats-sewage-theatres-west-end/_.html]
[lalaynbaluch.co.uk/wp-json/oembed/1.0/embedfab1]
[lalaynbaluch.co.uk/outgoing/www.lalaynbaluch.co.uk/media/rats_20FP4fe7.pdf]
[lalaynbaluch.co.uk/_http_/lalaynbaluch.co.uk/2010/arcola-uk-green-theatre/_.html]
[lalaynbaluch.co.uk/wp-json/oembed/1.0/embed44c2]
[lalaynbaluch.co.uk/outgoing/www.lalaynbaluch.co.uk/media/Arcola-FP-07.094fe7.pdf]
[lalaynbaluch.co.uk/_http_/lalaynbaluch.co.uk/2010/lenny-henry-othello/_.html]
[lalaynbaluch.co.uk/outgoing/www.lalaynbaluch.co.uk/media/othello-preview-10.084fe7.PDF]
[lalaynbaluch.co.uk/wp-content/uploads/2010/09/Arcola-FP-07.09-235x300.jpg]
[lalaynbaluch.co.uk/wp-json/oembed/1.0/embede572.html]
[lalaynbaluch.co.uk/index5c7e.html]
[lalaynbaluch.co.uk/2010/london-theatre-eco-challenge/index.html]
[lalaynbaluch.co.uk/wp-json/oembed/1.0/embedf66f.html]
[lalaynbaluch.co.uk/index18ee.html]
[lalaynbaluch.co.uk/wp-json/oembed/1.0/embed5de4.html]
[lalaynbaluch.co.uk/wp-content/uploads/2012/02/grand-hotels-ttg.jpg]
[lalaynbaluch.co.uk/2010/luxury-hotels-central-eastern-europe/index.html]
[lalaynbaluch.co.uk/wp-content/plugins/simple-post-thumbnails/timthumb5910.php]
[lalaynbaluch.co.uk/outgoing/www.lalaynbaluch.co.uk/media/Hartshorn-Hook-24fe7.pdf]
[lalaynbaluch.co.uk/archives]
[lalaynbaluch.co.uk/outgoing/wordpress.org/extend/themes/index4fe7.html]
[lalaynbaluch.co.uk/wp-content/uploads/2012/02/grand-hotels-ttg-300x212.jpg]
[lalaynbaluch.co.uk/wp-json/oembed/1.0/embed7ad1]
[lalaynbaluch.co.uk/index80a3.html]
[lalaynbaluch.co.uk/_http_/lalaynbaluch.co.uk/2011/janie-dee-rupert-wickham/_]
[lalaynbaluch.co.uk/_http_/lalaynbaluch.co.uk/2011/save-national-association-youth-theatres/_]
[lalaynbaluch.co.uk/_http_/lalaynbaluch.co.uk/2011/hartshorn-hook-theatre-producers/_]
[lalaynbaluch.co.uk/wp-json/oembed/1.0/embed32ca]
[lalaynbaluch.co.uk/outgoing/www.lalaynbaluch.co.uk/media/Marlowe-theatre-redevelopment4fe7.pdf]
[lalaynbaluch.co.uk/outgoing/www.lalaynbaluch.co.uk/media/Max_Reinhardt_Interview_Final_Heaver_Spring_20114fe7.pdf]
[lalaynbaluch.co.uk/_http_/lalaynbaluch.co.uk/2010/rufus-wainwright-prima-donna/_.html]
[lalaynbaluch.co.uk/_http_/lalaynbaluch.co.uk/2010/dominic-rowan-globe-theatre-henry-eighth/_]
[lalaynbaluch.co.uk/_http_/lalaynbaluch.co.uk/2010/cultural-olympiad-launch/_]
[lalaynbaluch.co.uk/_http_/lalaynbaluch.co.uk/2010/hofesh-schecter-choreographer-sadlers-wells/_]
[lalaynbaluch.co.uk/wp-json/oembed/1.0/embedc52c]
[lalaynbaluch.co.uk/_http_/lalaynbaluch.co.uk/2010/graham-norton-la-cage-aux-folles/_]
[lalaynbaluch.co.uk/_http_/lalaynbaluch.co.uk/2012/daniel-boyd-romeo-headlong/_]
[lalaynbaluch.co.uk/_http_/lalaynbaluch.co.uk/2010/steve-guttenberg-pantomime-bromley/_]
[lalaynbaluch.co.uk/indexdb4e.html]
[lalaynbaluch.co.uk/wp-json/oembed/1.0/embed290a.html]
[lalaynbaluch.co.uk/wp-json/oembed/1.0/embed68e1.html]
[lalaynbaluch.co.uk/outgoing/www.lalaynbaluch.co.uk/media/Equity_20min_20wage_20FP4fe7.html]
[lalaynbaluch.co.uk/index153d.html]
[lalaynbaluch.co.uk/wp-json/oembed/1.0/embed507b]
[lalaynbaluch.co.uk/outgoing/www.howardgoodall.co.uk/index4fe7.html]
[lalaynbaluch.co.uk/index76f0.html]
[lalaynbaluch.co.uk/index5c7e.html]
[lalaynbaluch.co.uk/_http_/lalaynbaluch.co.uk/2010/alun-ffred-jones-welsh-culture-minister/_]
[lalaynbaluch.co.uk/_http_/lalaynbaluch.co.uk/2010/equity-minimum-wage-‘destroy’-fringe-theatre/_.html]
[lalaynbaluch.co.uk/wp-json/oembed/1.0/embede572.html]
[lalaynbaluch.co.uk/_http_/lalaynbaluch.co.uk/2010/london-theatre-eco-challenge/_.html]
[lalaynbaluch.co.uk/wp-content/uploads/2010/09/Green-Theatre-FP-235x300.jpg]
[lalaynbaluch.co.uk/wp-json/oembed/1.0/embed984a]
[lalaynbaluch.co.uk/outgoing/www.lalaynbaluch.co.uk/media/Green_20Theatre_20FP4fe7.PDF]
[lalaynbaluch.co.uk/index18ee.html]
[lalaynbaluch.co.uk/wp-json/oembed/1.0/embedf66f.html]
[lalaynbaluch.co.uk/wp-json/oembed/1.0/embed5de4.html]
[lalaynbaluch.co.uk/_http_/lalaynbaluch.co.uk/2010/luxury-hotels-central-eastern-europe/_.html]
[lalaynbaluch.co.uk/_http_/lalaynbaluch.co.uk/2012/daniel-boyd-romeo-headlong/_]
[lalaynbaluch.co.uk/_http_/lalaynbaluch.co.uk/2010/steve-guttenberg-pantomime-bromley/_]
[lalaynbaluch.co.uk/_http_/lalaynbaluch.co.uk/2010/yasmine-smart-circus-artist/_]
[lalaynbaluch.co.uk/_http_/lalaynbaluch.co.uk/2010/alun-ffred-jones-welsh-culture-minister/_]
[lalaynbaluch.co.uk/_http_/lalaynbaluch.co.uk/2010/equity-minimum-wage-‘destroy’-fringe-theatre/_.html]
[lalaynbaluch.co.uk/_http_/lalaynbaluch.co.uk/2010/london-theatre-eco-challenge/_.html]
[lalaynbaluch.co.uk/wp-json/oembed/1.0/embed984a]
[lalaynbaluch.co.uk/outgoing/www.lalaynbaluch.co.uk/media/Green_20Theatre_20FP4fe7.PDF]
[lalaynbaluch.co.uk/_http_/lalaynbaluch.co.uk/2010/luxury-hotels-central-eastern-europe/_.html]
[lalaynbaluch.co.uk/_http_/lalaynbaluch.co.uk/contact/_]
[lalaynbaluch.co.uk/_http_/lalaynbaluch.co.uk/2010/howard-goodall-rambert-eternal-light/_]
[lalaynbaluch.co.uk/_http_/lalaynbaluch.co.uk/contact/_]
[lalaynbaluch.co.uk/_http_/lalaynbaluch.co.uk/2010/howard-goodall-rambert-eternal-light/_]
